../Core/Src/main.cpp:77:5:int main()	8	static
../Core/Src/main.cpp:127:6:void SystemClock_Config()	88	static
../Core/Src/main.cpp:173:13:void MX_TIM1_Init()	56	static
../Core/Src/main.cpp:223:13:void MX_TIM2_Init()	48	static
../Core/Src/main.cpp:276:13:void MX_TIM3_Init()	56	static
../Core/Src/main.cpp:325:13:void MX_TIM4_Init()	56	static
../Core/Src/main.cpp:374:13:void MX_USART2_UART_Init()	8	static
../Core/Src/main.cpp:405:13:void MX_DMA_Init()	16	static
../Core/Src/main.cpp:426:13:void MX_GPIO_Init()	48	static
../Core/Src/main.cpp:457:6:void Error_Handler()	4	static,ignoring_inline_asm
